// Jest Snapshot v1, https://goo.gl/fbAQLP

exports[`index renders properly 1`] = `undefined`;
